<9 columns x 2 rows>
Area name : string, Frequency : string, 2016 : float, 2017 : float, 2018 : float, 2019 : float, 2020 : float, 2021 : float, 2022 : float
Cambridge, At least once per month, 63.2, 60.7, 63.7, 60.3, 51.2, 49.9, 55.9
Cambridge, At least once per week, 56.9, 54.2, 57.5, 55.2, 44.8, 42.6, 49.8